// Jest Snapshot v1, https://goo.gl/fbAQLP

exports[`App is in sync with the snapshot 1`] = `
Array [
  <table>
    <thead>
      <tr>
        <td>
          Cover
        </td>
        <td>
          Info
        </td>
        <td>
          Actions
        </td>
      </tr>
    </thead>
    <tbody>
      <tr>
        <td
          className="cover"
        >
          <img
            alt="book cover"
            height="80"
            src="/covers/up.jpg"
          />
        </td>
        <td>
          ❌
          <a
            href="/focus/0"
            onClick={[Function]}
          >
            You don't know JS: Up & Going
             
          </a>
        </td>
        <td>
          <button
            onClick={[Function]}
          >
             Mark as 
            read
             
          </button>
        </td>
      </tr>
      <tr>
        <td
          className="cover"
        >
          <img
            alt="book cover"
            height="80"
            src="/covers/sicp.jpg"
          />
        </td>
        <td>
          ❌
          <a
            href="/focus/1"
            onClick={[Function]}
          >
            Structure and Interpretation of Computer Programs
             
          </a>
        </td>
        <td>
          <button
            onClick={[Function]}
          >
             Mark as 
            read
             
          </button>
        </td>
      </tr>
      <tr>
        <td
          className="cover"
        >
          <img
            alt="book cover"
            height="80"
            src="/covers/tapl.jpg"
          />
        </td>
        <td>
          ❌
          <a
            href="/focus/2"
            onClick={[Function]}
          >
            Types and Programming Languages
             
          </a>
        </td>
        <td>
          <button
            onClick={[Function]}
          >
             Mark as 
            read
             
          </button>
        </td>
      </tr>
      <tr>
        <td
          className="cover"
        >
          <img
            alt="book cover"
            height="80"
            src="/covers/eloquent.jpg"
          />
        </td>
        <td>
          ❌
          <a
            href="/focus/3"
            onClick={[Function]}
          >
            Eloquent JavaScript
             
          </a>
        </td>
        <td>
          <button
            onClick={[Function]}
          >
             Mark as 
            read
             
          </button>
        </td>
      </tr>
    </tbody>
  </table>,
  <div>
    There are 4 books in total.
     
    <br />
    You have read 0 books, which is 0% of all available books.
    <br />
    <button
      id="read-none"
      onClick={[Function]}
    >
      Mark all as unread
    </button>
    <span>
       
    </span>
    <button
      id="read-all"
      onClick={[Function]}
    >
      Mark all as read
    </button>
    <br />
    <button
      onClick={[Function]}
    >
      Sort by title
    </button>
    <span>
       
    </span>
    <button
      onClick={[Function]}
    >
      Sort by key
    </button>
  </div>,
]
`;
